
> asb-data-atms@0.1.0 build
> next build

Γû▓ Next.js 16.2.9 (Turbopack)
- Environments: .env.local

  Creating an optimized production build ...
Γ£ô Compiled successfully in 10.3s
  Running TypeScript ...
  Finished TypeScript in 6.6s ...
  Collecting page data using 7 workers ...
  Generating static pages using 7 workers (0/37) ...
  Generating static pages using 7 workers (9/37) 
  Generating static pages using 7 workers (18/37) 
  Generating static pages using 7 workers (27/37) 
Γ£ô Generating static pages using 7 workers (37/37) in 755ms
  Finalizing page optimization ...

Route (app)
Γöî Γùï /
Γö£ Γùï /_not-found
Γö£ Γùï /admin/attendance
Γö£ Γùï /admin/dashboard
Γö£ Γùï /admin/executive
Γö£ Γùï /admin/executive/alerts
Γö£ Γùï /admin/executive/crm
Γö£ Γùï /admin/executive/insights
Γö£ Γùï /admin/executive/payroll
Γö£ Γùï /admin/executive/workforce
Γö£ Γùï /admin/payroll
Γö£ Γùï /admin/payroll/compensation
Γö£ Γùï /admin/performance
Γö£ Γùï /admin/reports
Γö£ Γùï /admin/settings/locations
Γö£ Γùï /admin/settings/payroll
Γö£ Γùï /admin/tasks
Γö£ Γùï /admin/tasks/new
Γö£ Γùï /attendance
Γö£ Γùï /attendance/check-in
Γö£ Γùï /crm/complaints
Γö£ Γùï /crm/customers
Γö£ ╞Æ /crm/customers/[id]
Γö£ Γùï /crm/customers/new
Γö£ Γùï /crm/dashboard
Γö£ Γùï /dashboard
Γö£ Γùï /department/dashboard
Γö£ Γùï /forgot-password
Γö£ Γùï /login
Γö£ Γùï /onboarding
Γö£ Γùï /payroll
Γö£ ╞Æ /payroll/payslip/[id]
Γö£ ╞Æ /rate/[staffId]
Γö£ Γùï /reports
Γö£ Γùï /reports/new
Γö£ Γùï /system/environment
Γö£ Γùï /tasks
Γö£ ╞Æ /tasks/[taskId]
Γöö Γùï /unauthorized


Γùï  (Static)   prerendered as static content
╞Æ  (Dynamic)  server-rendered on demand

